** Drc report for airnode-B.kicad_pcb **
** Created on 2026-10-06T19:54:12 **
** Report includes: Errors, Warnings **

** Found 114 DRC violations **
[items_not_allowed]: Items not allowed (keepout area of U5)
    Rule: keepout area of U5; error
    @(31.2500 mm, 30.5000 mm): Pad 8 [IO9_BOOT] of U1 on F.Cu
[items_not_allowed]: Items not allowed (keepout area of U5)
    Rule: keepout area of U5; error
    @(31.2500 mm, 32.0000 mm): Pad 9 [GND] of U1 on F.Cu
[items_not_allowed]: Items not allowed (keepout area of U5)
    Rule: keepout area of U5; error
    @(48.7500 mm, 32.0000 mm): Pad 10 [<no net>] of U1 on F.Cu
[items_not_allowed]: Items not allowed (keepout area of U5)
    Rule: keepout area of U5; error
    @(48.7500 mm, 30.5000 mm): Pad 11 [UART_RX] of U1 on F.Cu
[items_not_allowed]: Items not allowed (keepout area of U5)
    Rule: keepout area of U5; error
    @(40.0000 mm, 26.0000 mm): Footprint U1
[items_not_allowed]: Items not allowed (keepout area of U1)
    Rule: keepout area of U1; error
    @(39.0000 mm, 8.4000 mm): Pad 4 [GND] of U2 on F.Cu
[items_not_allowed]: Items not allowed (keepout area of U1)
    Rule: keepout area of U1; error
    @(39.0000 mm, 9.2000 mm): Pad 5 [GND] of U2 on F.Cu
[items_not_allowed]: Items not allowed (keepout area of U1)
    Rule: keepout area of U1; error
    @(39.0000 mm, 10.0000 mm): Pad 6 [+3V3] of U2 on F.Cu
[items_not_allowed]: Items not allowed (keepout area of U1)
    Rule: keepout area of U1; error
    @(40.0000 mm, 10.0000 mm): Pad 7 [+3V3] of U2 on F.Cu
[items_not_allowed]: Items not allowed (keepout area of U1)
    Rule: keepout area of U1; error
    @(41.0000 mm, 10.0000 mm): Pad 8 [ACC_INT] of U2 on F.Cu
[items_not_allowed]: Items not allowed (keepout area of U1)
    Rule: keepout area of U1; error
    @(41.0000 mm, 9.2000 mm): Pad 9 [<no net>] of U2 on F.Cu
[items_not_allowed]: Items not allowed (keepout area of U1)
    Rule: keepout area of U1; error
    @(41.0000 mm, 8.4000 mm): Pad 10 [<no net>] of U2 on F.Cu
[items_not_allowed]: Items not allowed (keepout area of U1)
    Rule: keepout area of U1; error
    @(40.0000 mm, 8.0000 mm): Footprint U2
[shorting_items]: Items shorting two nets (nets RELAY_TRIG and GND)
    Local override; error
    @(31.2500 mm, 26.0000 mm): Pad 5 [RELAY_TRIG] of U1 on F.Cu
    @(30.7875 mm, 26.0000 mm): Pad 2 [GND] of D2 on F.Cu
[clearance]: Clearance violation ( clearance 0.2000 mm; actual 0.0000 mm)
    Local override; error
    @(37.8625 mm, 51.0500 mm): Pad 1 [VIN_5V1] of U8 on F.Cu
    @(36.7500 mm, 51.0000 mm): Pad 7 [<no net>] of U5 on F.Cu
[shorting_items]: Items shorting two nets (nets GND1 and IO9_BOOT1)
    Local override; error
    @(37.8625 mm, 52.0000 mm): Pad 2 [GND1] of U8 on F.Cu
    @(36.7500 mm, 52.5000 mm): Pad 8 [IO9_BOOT1] of U5 on F.Cu
[shorting_items]: Items shorting two nets (nets VIN_5V1 and IO9_BOOT1)
    Local override; error
    @(37.8625 mm, 52.9500 mm): Pad 3 [VIN_5V1] of U8 on F.Cu
    @(36.7500 mm, 52.5000 mm): Pad 8 [IO9_BOOT1] of U5 on F.Cu
[courtyards_overlap]: Courtyards overlap
    Rule: board setup constraints courtyard; error
    @(45.5000 mm, 52.0000 mm): Footprint C4
    @(45.5000 mm, 48.0000 mm): Footprint U5
[courtyards_overlap]: Courtyards overlap
    Rule: board setup constraints courtyard; error
    @(39.0000 mm, 48.0000 mm): Footprint R8
    @(45.5000 mm, 48.0000 mm): Footprint U5
[courtyards_overlap]: Courtyards overlap
    Rule: board setup constraints courtyard; error
    @(52.0000 mm, 48.0000 mm): Footprint R9
    @(45.5000 mm, 48.0000 mm): Footprint U5
[courtyards_overlap]: Courtyards overlap
    Rule: board setup constraints courtyard; error
    @(40.0000 mm, 26.0000 mm): Footprint U1
    @(40.0000 mm, 8.0000 mm): Footprint U2
[courtyards_overlap]: Courtyards overlap
    Rule: board setup constraints courtyard; error
    @(40.0000 mm, 26.0000 mm): Footprint U1
    @(30.0000 mm, 26.0000 mm): Footprint D2
[courtyards_overlap]: Courtyards overlap
    Rule: board setup constraints courtyard; error
    @(40.0000 mm, 26.0000 mm): Footprint U1
    @(45.5000 mm, 48.0000 mm): Footprint U5
[courtyards_overlap]: Courtyards overlap
    Rule: board setup constraints courtyard; error
    @(40.0000 mm, 26.0000 mm): Footprint U1
    @(24.0000 mm, 8.0000 mm): Footprint TH1
[courtyards_overlap]: Courtyards overlap
    Rule: board setup constraints courtyard; error
    @(40.0000 mm, 56.0000 mm): Footprint J3
    @(45.5000 mm, 48.0000 mm): Footprint U5
[courtyards_overlap]: Courtyards overlap
    Rule: board setup constraints courtyard; error
    @(52.0000 mm, 52.0000 mm): Footprint C5
    @(45.5000 mm, 48.0000 mm): Footprint U5
[courtyards_overlap]: Courtyards overlap
    Rule: board setup constraints courtyard; error
    @(20.0000 mm, 56.0000 mm): Footprint J2
    @(26.0000 mm, 56.0000 mm): Footprint J7
[courtyards_overlap]: Courtyards overlap
    Rule: board setup constraints courtyard; error
    @(39.0000 mm, 52.0000 mm): Footprint U8
    @(45.5000 mm, 48.0000 mm): Footprint U5
[courtyards_overlap]: Courtyards overlap
    Rule: board setup constraints courtyard; error
    @(39.0000 mm, 44.0000 mm): Footprint R3
    @(45.5000 mm, 48.0000 mm): Footprint U5
[courtyards_overlap]: Courtyards overlap
    Rule: board setup constraints courtyard; error
    @(52.0000 mm, 44.0000 mm): Footprint R5
    @(45.5000 mm, 48.0000 mm): Footprint U5
[courtyards_overlap]: Courtyards overlap
    Rule: board setup constraints courtyard; error
    @(45.5000 mm, 48.0000 mm): Footprint U5
    @(45.5000 mm, 44.0000 mm): Footprint R4
[copper_edge_clearance]: Board edge clearance violation (board setup constraints edge clearance 0.5000 mm; actual 0.0000 mm)
    Rule: board setup constraints edge; error
    @(80.0000 mm, 60.0000 mm): Segment on Edge.Cuts
    @(60.0000 mm, 61.0800 mm): Track [UART_TX1] on B.Cu, length 3.7453 mm
[copper_edge_clearance]: Board edge clearance violation (board setup constraints edge clearance 0.5000 mm; actual 0.0000 mm)
    Rule: board setup constraints edge; error
    @(80.0000 mm, 60.0000 mm): Segment on Edge.Cuts
    @(60.0000 mm, 63.6200 mm): Track [UART_RX1] on B.Cu, length 6.3484 mm
[copper_edge_clearance]: Board edge clearance violation (board setup constraints edge clearance 0.5000 mm; actual 0.0000 mm)
    Rule: board setup constraints edge; error
    @(80.0000 mm, 60.0000 mm): Segment on Edge.Cuts
    @(60.0000 mm, 66.1600 mm): Track [IO9_BOOT1] on B.Cu, length 19.3182 mm
[copper_edge_clearance]: Board edge clearance violation (board setup constraints edge clearance 0.5000 mm; actual 0.2300 mm)
    Rule: board setup constraints edge; error
    @(80.0000 mm, 60.0000 mm): Segment on Edge.Cuts
    @(60.0000 mm, 61.0800 mm): PTH pad 3 [UART_TX1] of J4
[drill_out_of_range]: Hole size out of range (board setup constraints min hole 0.3000 mm; actual 0.2000 mm)
    Rule: board setup constraints; error
    @(39.8600 mm, 25.6500 mm): PTH pad 19 [GND] of U1
[drill_out_of_range]: Hole size out of range (board setup constraints min hole 0.3000 mm; actual 0.2000 mm)
    Rule: board setup constraints; error
    @(39.8600 mm, 26.7500 mm): PTH pad 19 [GND] of U1
[drill_out_of_range]: Hole size out of range (board setup constraints min hole 0.3000 mm; actual 0.2000 mm)
    Rule: board setup constraints; error
    @(40.4100 mm, 25.1000 mm): PTH pad 19 [GND] of U1
[drill_out_of_range]: Hole size out of range (board setup constraints min hole 0.3000 mm; actual 0.2000 mm)
    Rule: board setup constraints; error
    @(40.4100 mm, 26.2000 mm): PTH pad 19 [GND] of U1
[drill_out_of_range]: Hole size out of range (board setup constraints min hole 0.3000 mm; actual 0.2000 mm)
    Rule: board setup constraints; error
    @(40.4100 mm, 27.3000 mm): PTH pad 19 [GND] of U1
[drill_out_of_range]: Hole size out of range (board setup constraints min hole 0.3000 mm; actual 0.2000 mm)
    Rule: board setup constraints; error
    @(40.9600 mm, 25.6500 mm): PTH pad 19 [GND] of U1
[drill_out_of_range]: Hole size out of range (board setup constraints min hole 0.3000 mm; actual 0.2000 mm)
    Rule: board setup constraints; error
    @(40.9600 mm, 26.7500 mm): PTH pad 19 [GND] of U1
[drill_out_of_range]: Hole size out of range (board setup constraints min hole 0.3000 mm; actual 0.2000 mm)
    Rule: board setup constraints; error
    @(41.5100 mm, 25.1000 mm): PTH pad 19 [GND] of U1
[drill_out_of_range]: Hole size out of range (board setup constraints min hole 0.3000 mm; actual 0.2000 mm)
    Rule: board setup constraints; error
    @(41.5100 mm, 26.2000 mm): PTH pad 19 [GND] of U1
[drill_out_of_range]: Hole size out of range (board setup constraints min hole 0.3000 mm; actual 0.2000 mm)
    Rule: board setup constraints; error
    @(41.5100 mm, 27.3000 mm): PTH pad 19 [GND] of U1
[drill_out_of_range]: Hole size out of range (board setup constraints min hole 0.3000 mm; actual 0.2000 mm)
    Rule: board setup constraints; error
    @(42.0600 mm, 25.6500 mm): PTH pad 19 [GND] of U1
[drill_out_of_range]: Hole size out of range (board setup constraints min hole 0.3000 mm; actual 0.2000 mm)
    Rule: board setup constraints; error
    @(42.0600 mm, 26.7500 mm): PTH pad 19 [GND] of U1
[drill_out_of_range]: Hole size out of range (board setup constraints min hole 0.3000 mm; actual 0.2000 mm)
    Rule: board setup constraints; error
    @(45.3600 mm, 47.6500 mm): PTH pad 19 [GND1] of U5
[drill_out_of_range]: Hole size out of range (board setup constraints min hole 0.3000 mm; actual 0.2000 mm)
    Rule: board setup constraints; error
    @(45.3600 mm, 48.7500 mm): PTH pad 19 [GND1] of U5
[drill_out_of_range]: Hole size out of range (board setup constraints min hole 0.3000 mm; actual 0.2000 mm)
    Rule: board setup constraints; error
    @(45.9100 mm, 47.1000 mm): PTH pad 19 [GND1] of U5
[drill_out_of_range]: Hole size out of range (board setup constraints min hole 0.3000 mm; actual 0.2000 mm)
    Rule: board setup constraints; error
    @(45.9100 mm, 48.2000 mm): PTH pad 19 [GND1] of U5
[drill_out_of_range]: Hole size out of range (board setup constraints min hole 0.3000 mm; actual 0.2000 mm)
    Rule: board setup constraints; error
    @(45.9100 mm, 49.3000 mm): PTH pad 19 [GND1] of U5
[drill_out_of_range]: Hole size out of range (board setup constraints min hole 0.3000 mm; actual 0.2000 mm)
    Rule: board setup constraints; error
    @(46.4600 mm, 47.6500 mm): PTH pad 19 [GND1] of U5
[drill_out_of_range]: Hole size out of range (board setup constraints min hole 0.3000 mm; actual 0.2000 mm)
    Rule: board setup constraints; error
    @(46.4600 mm, 48.7500 mm): PTH pad 19 [GND1] of U5
[drill_out_of_range]: Hole size out of range (board setup constraints min hole 0.3000 mm; actual 0.2000 mm)
    Rule: board setup constraints; error
    @(47.0100 mm, 47.1000 mm): PTH pad 19 [GND1] of U5
[drill_out_of_range]: Hole size out of range (board setup constraints min hole 0.3000 mm; actual 0.2000 mm)
    Rule: board setup constraints; error
    @(47.0100 mm, 48.2000 mm): PTH pad 19 [GND1] of U5
[drill_out_of_range]: Hole size out of range (board setup constraints min hole 0.3000 mm; actual 0.2000 mm)
    Rule: board setup constraints; error
    @(47.0100 mm, 49.3000 mm): PTH pad 19 [GND1] of U5
[drill_out_of_range]: Hole size out of range (board setup constraints min hole 0.3000 mm; actual 0.2000 mm)
    Rule: board setup constraints; error
    @(47.5600 mm, 47.6500 mm): PTH pad 19 [GND1] of U5
[drill_out_of_range]: Hole size out of range (board setup constraints min hole 0.3000 mm; actual 0.2000 mm)
    Rule: board setup constraints; error
    @(47.5600 mm, 48.7500 mm): PTH pad 19 [GND1] of U5
[track_width]: Track width (board setup constraints min width 0.2000 mm; actual 0.1500 mm)
    Rule: netclass 'Default'; error
    @(37.9293 mm, 51.0500 mm): Track [VIN_5V1] on F.Cu, length 0.0044 mm
[track_width]: Track width (board setup constraints min width 0.2000 mm; actual 0.1500 mm)
    Rule: netclass 'Default'; error
    @(37.8625 mm, 51.0500 mm): Track [VIN_5V1] on F.Cu, length 0.0668 mm
[track_width]: Track width (board setup constraints min width 0.2000 mm; actual 0.1500 mm)
    Rule: netclass 'Default'; error
    @(57.2365 mm, 48.7316 mm): Track [GND1] on F.Cu, length 3.9923 mm
[track_width]: Track width (board setup constraints min width 0.2000 mm; actual 0.1500 mm)
    Rule: netclass 'Default'; error
    @(53.1169 mm, 51.2416 mm): Track [GND1] on F.Cu, length 0.4128 mm
[track_width]: Track width (board setup constraints min width 0.2000 mm; actual 0.1500 mm)
    Rule: netclass 'Default'; error
    @(53.2442 mm, 48.7316 mm): Track [GND1] on F.Cu, length 0.1800 mm
[track_width]: Track width (board setup constraints min width 0.2000 mm; actual 0.1500 mm)
    Rule: netclass 'Default'; error
    @(53.1169 mm, 50.9585 mm): Track [GND1] on F.Cu, length 0.2831 mm
[track_width]: Track width (board setup constraints min width 0.2000 mm; actual 0.1500 mm)
    Rule: netclass 'Default'; error
    @(57.3614 mm, 48.8565 mm): Track [GND1] on F.Cu, length 0.1766 mm
[track_width]: Track width (board setup constraints min width 0.2000 mm; actual 0.1500 mm)
    Rule: netclass 'Default'; error
    @(47.1509 mm, 53.0262 mm): Track [GND1] on F.Cu, length 0.7009 mm
[track_width]: Track width (board setup constraints min width 0.2000 mm; actual 0.1500 mm)
    Rule: netclass 'Default'; error
    @(44.5689 mm, 53.0262 mm): Track [GND1] on F.Cu, length 0.4588 mm
[track_width]: Track width (board setup constraints min width 0.2000 mm; actual 0.1500 mm)
    Rule: netclass 'Default'; error
    @(46.4500 mm, 53.0262 mm): Track [GND1] on F.Cu, length 1.8811 mm
[track_width]: Track width (board setup constraints min width 0.2000 mm; actual 0.1500 mm)
    Rule: netclass 'Default'; error
    @(55.5110 mm, 45.2343 mm): Track [SDA1] on F.Cu, length 0.3314 mm
[track_width]: Track width (board setup constraints min width 0.2000 mm; actual 0.1500 mm)
    Rule: netclass 'Default'; error
    @(54.2500 mm, 45.0000 mm): Track [SDA1] on F.Cu, length 1.0267 mm
[track_width]: Track width (board setup constraints min width 0.2000 mm; actual 0.1500 mm)
    Rule: netclass 'Default'; error
    @(29.9890 mm, 22.7657 mm): Track [NTC_ADC] on F.Cu, length 7.1513 mm
[track_width]: Track width (board setup constraints min width 0.2000 mm; actual 0.1500 mm)
    Rule: netclass 'Default'; error
    @(30.2233 mm, 23.0000 mm): Track [NTC_ADC] on F.Cu, length 0.3314 mm
[track_width]: Track width (board setup constraints min width 0.2000 mm; actual 0.1500 mm)
    Rule: netclass 'Default'; error
    @(31.2500 mm, 23.0000 mm): Track [NTC_ADC] on F.Cu, length 1.0267 mm
[track_width]: Track width (board setup constraints min width 0.2000 mm; actual 0.1500 mm)
    Rule: netclass 'Default'; error
    @(69.1442 mm, 27.3042 mm): Track [NSTDBY] on F.Cu, length 0.9464 mm
[track_width]: Track width (board setup constraints min width 0.2000 mm; actual 0.1500 mm)
    Rule: netclass 'Default'; error
    @(69.7762 mm, 27.3042 mm): Track [NSTDBY] on F.Cu, length 0.6320 mm
[track_width]: Track width (board setup constraints min width 0.2000 mm; actual 0.1500 mm)
    Rule: netclass 'Default'; error
    @(36.4904 mm, 41.2831 mm): Track [LED_A] on B.Cu, length 0.2138 mm
[track_width]: Track width (board setup constraints min width 0.2000 mm; actual 0.1500 mm)
    Rule: netclass 'Default'; error
    @(35.6910 mm, 41.2344 mm): Track [LED_A] on B.Cu, length 0.2832 mm
[track_width]: Track width (board setup constraints min width 0.2000 mm; actual 0.1500 mm)
    Rule: netclass 'Default'; error
    @(35.4078 mm, 41.2344 mm): Track [LED_A] on B.Cu, length 0.2585 mm
[track_width]: Track width (board setup constraints min width 0.2000 mm; actual 0.1500 mm)
    Rule: netclass 'Default'; error
    @(36.7735 mm, 41.2831 mm): Track [LED_A] on B.Cu, length 0.2831 mm
[track_width]: Track width (board setup constraints min width 0.2000 mm; actual 0.1500 mm)
    Rule: netclass 'Default'; error
    @(47.7233 mm, 29.0000 mm): Track [UART_TX] on F.Cu, length 0.2354 mm
[track_width]: Track width (board setup constraints min width 0.2000 mm; actual 0.1500 mm)
    Rule: netclass 'Default'; error
    @(48.7500 mm, 29.0000 mm): Track [UART_TX] on F.Cu, length 1.0267 mm
[track_width]: Track width (board setup constraints min width 0.2000 mm; actual 0.1500 mm)
    Rule: netclass 'Default'; error
    @(48.7500 mm, 23.0000 mm): Track [SDA] on F.Cu, length 4.7042 mm
[track_width]: Track width (board setup constraints min width 0.2000 mm; actual 0.1500 mm)
    Rule: netclass 'Default'; error
    @(41.0000 mm, 6.0000 mm): Track [SDA] on F.Cu, length 0.2833 mm
[track_width]: Track width (board setup constraints min width 0.2000 mm; actual 0.1500 mm)
    Rule: netclass 'Default'; error
    @(41.2003 mm, 6.2003 mm): Track [SDA] on F.Cu, length 0.7935 mm
[track_width]: Track width (board setup constraints min width 0.2000 mm; actual 0.1500 mm)
    Rule: netclass 'Default'; error
    @(59.8002 mm, 41.1349 mm): Track [SDA] on B.Cu, length 0.1173 mm
[track_width]: Track width (board setup constraints min width 0.2000 mm; actual 0.1500 mm)
    Rule: netclass 'Default'; error
    @(59.8002 mm, 41.0176 mm): Track [SDA] on B.Cu, length 0.3405 mm
[track_width]: Track width (board setup constraints min width 0.2000 mm; actual 0.1500 mm)
    Rule: netclass 'Default'; error
    @(38.0764 mm, 49.1141 mm): Track [FAN_TRIG] on F.Cu, length 0.2674 mm
[track_width]: Track width (board setup constraints min width 0.2000 mm; actual 0.1500 mm)
    Rule: netclass 'Default'; error
    @(37.6464 mm, 48.6841 mm): Track [FAN_TRIG] on F.Cu, length 0.6081 mm
[track_width]: Track width (board setup constraints min width 0.2000 mm; actual 0.1500 mm)
    Rule: netclass 'Default'; error
    @(64.9635 mm, 53.2331 mm): Track [FAN_TRIG] on B.Cu, length 0.2831 mm
[track_width]: Track width (board setup constraints min width 0.2000 mm; actual 0.1500 mm)
    Rule: netclass 'Default'; error
    @(64.6804 mm, 53.2331 mm): Track [FAN_TRIG] on B.Cu, length 0.1659 mm
[track_width]: Track width (board setup constraints min width 0.2000 mm; actual 0.1500 mm)
    Rule: netclass 'Default'; error
    @(56.5133 mm, 26.6008 mm): Track [VBAT] on F.Cu, length 0.4938 mm
[track_width]: Track width (board setup constraints min width 0.2000 mm; actual 0.1500 mm)
    Rule: netclass 'Default'; error
    @(55.8600 mm, 26.6008 mm): Track [VBAT] on F.Cu, length 0.6533 mm
[track_width]: Track width (board setup constraints min width 0.2000 mm; actual 0.1500 mm)
    Rule: netclass 'Default'; error
    @(55.2767 mm, 51.0000 mm): Track [UART_TX1] on F.Cu, length 2.0750 mm
[track_width]: Track width (board setup constraints min width 0.2000 mm; actual 0.1500 mm)
    Rule: netclass 'Default'; error
    @(54.2500 mm, 51.0000 mm): Track [UART_TX1] on F.Cu, length 1.0267 mm
[track_width]: Track width (board setup constraints min width 0.2000 mm; actual 0.1500 mm)
    Rule: netclass 'Default'; error
    @(54.2500 mm, 52.5000 mm): Track [UART_RX1] on F.Cu, length 1.0267 mm
[track_width]: Track width (board setup constraints min width 0.2000 mm; actual 0.1500 mm)
    Rule: netclass 'Default'; error
    @(55.2767 mm, 52.5000 mm): Track [UART_RX1] on F.Cu, length 0.2343 mm
[track_width]: Track width (board setup constraints min width 0.2000 mm; actual 0.1500 mm)
    Rule: netclass 'Default'; error
    @(36.7500 mm, 52.5000 mm): Track [IO9_BOOT1] on F.Cu, length 1.0267 mm
[track_width]: Track width (board setup constraints min width 0.2000 mm; actual 0.1500 mm)
    Rule: netclass 'Default'; error
    @(35.7233 mm, 52.5000 mm): Track [IO9_BOOT1] on F.Cu, length 0.2289 mm
[track_width]: Track width (board setup constraints min width 0.2000 mm; actual 0.1500 mm)
    Rule: netclass 'Default'; error
    @(65.4113 mm, 27.2358 mm): Track [VIN_5V] on F.Cu, length 1.2171 mm
[track_width]: Track width (board setup constraints min width 0.2000 mm; actual 0.1500 mm)
    Rule: netclass 'Default'; error
    @(64.1942 mm, 27.2358 mm): Track [VIN_5V] on F.Cu, length 0.9464 mm
[solder_mask_bridge]: Front solder mask aperture bridges items with different nets
    Rule: board setup solder mask min width; error
    @(36.7500 mm, 51.0000 mm): Pad 7 [<no net>] of U5 on F.Cu
    @(37.8625 mm, 51.0500 mm): Pad 1 [VIN_5V1] of U8 on F.Cu
[solder_mask_bridge]: Front solder mask aperture bridges items with different nets
    Rule: board setup solder mask min width; error
    @(36.7500 mm, 52.5000 mm): Pad 8 [IO9_BOOT1] of U5 on F.Cu
    @(37.8625 mm, 52.0000 mm): Pad 2 [GND1] of U8 on F.Cu
[solder_mask_bridge]: Front solder mask aperture bridges items with different nets
    Rule: board setup solder mask min width; error
    @(30.7875 mm, 26.0000 mm): Pad 2 [GND] of D2 on F.Cu
    @(31.2500 mm, 26.0000 mm): Pad 5 [RELAY_TRIG] of U1 on F.Cu
[solder_mask_bridge]: Front solder mask aperture bridges items with different nets
    Rule: board setup solder mask min width; error
    @(36.7500 mm, 52.5000 mm): Pad 8 [IO9_BOOT1] of U5 on F.Cu
    @(37.8625 mm, 52.9500 mm): Pad 3 [VIN_5V1] of U8 on F.Cu
[via_dangling]: Via is not connected or connected on only one layer
    Local override; warning
    @(69.9306 mm, 48.7444 mm): Via [+3V3_1] on F.Cu - B.Cu
[via_dangling]: Via is not connected or connected on only one layer
    Local override; warning
    @(55.5110 mm, 45.2343 mm): Via [SDA1] on F.Cu - B.Cu
[via_dangling]: Via is not connected or connected on only one layer
    Local override; warning
    @(71.5768 mm, 47.2518 mm): Via [SDA1] on F.Cu - B.Cu
[silk_edge_clearance]: Silkscreen clipped by board edge
    Rule: board setup constraints silk; warning
    @(80.0000 mm, 60.0000 mm): Segment on Edge.Cuts
    @(58.6200 mm, 57.2700 mm): Segment of J4 on F.Silkscreen
[silk_edge_clearance]: Silkscreen clipped by board edge
    Rule: board setup constraints silk; warning
    @(80.0000 mm, 60.0000 mm): Segment on Edge.Cuts
    @(61.3800 mm, 57.2700 mm): Segment of J4 on F.Silkscreen
[silk_overlap]: Silkscreen clearance
    Rule: board setup constraints silk; warning
    @(40.0000 mm, 53.6200 mm): Reference field of J3
    @(39.9100 mm, 53.5600 mm): Segment of U8 on F.Silkscreen
[silk_overlap]: Silkscreen clearance
    Rule: board setup constraints silk; warning
    @(36.3900 mm, 55.0100 mm): Segment of U5 on F.Silkscreen
    @(38.6200 mm, 56.0000 mm): Segment of J3 on F.Silkscreen
[silk_over_copper]: Silkscreen clipped by solder mask
    Local override; warning
    @(30.0000 mm, 24.5700 mm): Reference field of D2
    @(31.2500 mm, 24.5000 mm): Pad 4 [ACC_INT] of U1 on F.Cu
[silk_over_copper]: Silkscreen clipped by solder mask
    Local override; warning
    @(40.0000 mm, 53.6200 mm): Reference field of J3
    @(40.1375 mm, 52.9500 mm): Pad 4 [<no net>] of U8 on F.Cu

** Found 30 unconnected pads **
[unconnected_items]: Missing connection between items
    Local override; error
    @(8.0000 mm, 44.0000 mm): Track [+3V3] on F.Cu, length 17.1750 mm
    @(31.6750 mm, 44.0000 mm): Pad 1 [+3V3] of R2 on F.Cu
[unconnected_items]: Missing connection between items
    Local override; error
    @(31.6750 mm, 44.0000 mm): Pad 1 [+3V3] of R2 on F.Cu
    @(38.1750 mm, 44.0000 mm): Pad 1 [+3V3] of R3 on F.Cu
[unconnected_items]: Missing connection between items
    Local override; error
    @(31.6750 mm, 48.0000 mm): Pad 1 [+3V3] of C3 on F.Cu
    @(31.6750 mm, 44.0000 mm): Pad 1 [+3V3] of R2 on F.Cu
[unconnected_items]: Missing connection between items
    Local override; error
    @(33.0534 mm, 19.2483 mm): Track [+3V3] on F.Cu, length 1.0631 mm
    @(39.0000 mm, 10.0000 mm): Pad 6 [+3V3] of U2 on F.Cu
[unconnected_items]: Missing connection between items
    Local override; error
    @(38.1750 mm, 44.0000 mm): Pad 1 [+3V3] of R3 on F.Cu
    @(39.8250 mm, 48.0000 mm): Pad 2 [+3V3] of R8 on F.Cu
[unconnected_items]: Missing connection between items
    Local override; error
    @(39.0000 mm, 10.0000 mm): Pad 6 [+3V3] of U2 on F.Cu
    @(39.0000 mm, 6.0000 mm): Pad 1 [+3V3] of U2 on F.Cu
[unconnected_items]: Missing connection between items
    Local override; error
    @(39.8250 mm, 48.0000 mm): Pad 2 [+3V3] of R8 on F.Cu
    @(44.6750 mm, 44.0000 mm): Pad 1 [+3V3] of R4 on F.Cu
[unconnected_items]: Missing connection between items
    Local override; error
    @(40.0000 mm, 10.0000 mm): Pad 7 [+3V3] of U2 on F.Cu
    @(39.0000 mm, 10.0000 mm): Pad 6 [+3V3] of U2 on F.Cu
[unconnected_items]: Missing connection between items
    Local override; error
    @(44.6750 mm, 44.0000 mm): Pad 1 [+3V3] of R4 on F.Cu
    @(59.1375 mm, 25.0500 mm): Track [+3V3] on F.Cu, length 8.2048 mm
[unconnected_items]: Missing connection between items
    Local override; error
    @(31.2500 mm, 24.5000 mm): Pad 4 [ACC_INT] of U1 on F.Cu
    @(41.0000 mm, 10.0000 mm): Pad 8 [ACC_INT] of U2 on F.Cu
[unconnected_items]: Missing connection between items
    Local override; error
    @(31.2500 mm, 26.0000 mm): Pad 5 [RELAY_TRIG] of U1 on F.Cu
    @(40.0000 mm, 56.0000 mm): PTH pad 1 [RELAY_TRIG] of J3
[unconnected_items]: Missing connection between items
    Local override; error
    @(8.0000 mm, 54.1600 mm): PTH pad 5 [IO9_BOOT] of J1
    @(31.2500 mm, 30.5000 mm): Pad 8 [IO9_BOOT] of U1 on F.Cu
[unconnected_items]: Missing connection between items
    Local override; error
    @(12.7875 mm, 26.0000 mm): Pad 2 [GND] of D1 on F.Cu
    @(30.7875 mm, 26.0000 mm): Pad 2 [GND] of D2 on F.Cu
[unconnected_items]: Missing connection between items
    Local override; error
    @(22.0000 mm, 52.9500 mm): Track [GND] on F.Cu, length 7.0004 mm
    @(8.0000 mm, 46.5400 mm): PTH pad 2 [GND] of J1
[unconnected_items]: Missing connection between items
    Local override; error
    @(26.9500 mm, 48.0000 mm): Pad 2 [GND] of C2 on F.Cu
    @(33.3250 mm, 48.0000 mm): Pad 2 [GND] of C3 on F.Cu
[unconnected_items]: Missing connection between items
    Local override; error
    @(30.7875 mm, 26.0000 mm): Pad 2 [GND] of D2 on F.Cu
    @(39.8600 mm, 25.6500 mm): PTH pad 19 [GND] of U1
[unconnected_items]: Missing connection between items
    Local override; error
    @(31.2500 mm, 32.0000 mm): Pad 9 [GND] of U1 on F.Cu
    @(30.7875 mm, 26.0000 mm): Pad 2 [GND] of D2 on F.Cu
[unconnected_items]: Missing connection between items
    Local override; error
    @(33.3250 mm, 48.0000 mm): Pad 2 [GND] of C3 on F.Cu
    @(31.2500 mm, 32.0000 mm): Pad 9 [GND] of U1 on F.Cu
[unconnected_items]: Missing connection between items
    Local override; error
    @(39.0000 mm, 6.8000 mm): Pad 2 [GND] of U2 on F.Cu
    @(39.0000 mm, 8.4000 mm): Pad 4 [GND] of U2 on F.Cu
[unconnected_items]: Missing connection between items
    Local override; error
    @(39.0000 mm, 8.4000 mm): Pad 4 [GND] of U2 on F.Cu
    @(39.0000 mm, 9.2000 mm): Pad 5 [GND] of U2 on F.Cu
[unconnected_items]: Missing connection between items
    Local override; error
    @(39.0000 mm, 9.2000 mm): Pad 5 [GND] of U2 on F.Cu
    @(24.0000 mm, 10.5400 mm): PTH pad 2 [GND] of TH1
[unconnected_items]: Missing connection between items
    Local override; error
    @(39.0000 mm, 9.2000 mm): Pad 5 [GND] of U2 on F.Cu
    @(40.4100 mm, 25.1000 mm): PTH pad 19 [GND] of U1
[unconnected_items]: Missing connection between items
    Local override; error
    @(40.0000 mm, 58.5400 mm): PTH pad 2 [GND] of J3
    @(33.3250 mm, 48.0000 mm): Pad 2 [GND] of C3 on F.Cu
[unconnected_items]: Missing connection between items
    Local override; error
    @(41.0000 mm, 6.8000 mm): Pad 12 [GND] of U2 on F.Cu
    @(39.0000 mm, 6.8000 mm): Pad 2 [GND] of U2 on F.Cu
[unconnected_items]: Missing connection between items
    Local override; error
    @(51.1750 mm, 44.0000 mm): Pad 1 [GND] of R5 on F.Cu
    @(33.3250 mm, 48.0000 mm): Pad 2 [GND] of C3 on F.Cu
[unconnected_items]: Missing connection between items
    Local override; error
    @(62.8900 mm, 26.0000 mm): Track [GND] on F.Cu, length 6.0275 mm
    @(42.0600 mm, 25.6500 mm): PTH pad 19 [GND] of U1
[unconnected_items]: Missing connection between items
    Local override; error
    @(62.8900 mm, 26.0000 mm): Track [GND] on F.Cu, length 6.0275 mm
    @(63.5250 mm, 24.0950 mm): Pad 1 [GND] of U4 on F.Cu
[unconnected_items]: Missing connection between items
    Local override; error
    @(63.5250 mm, 26.6350 mm): Track [GND] on F.Cu, length 0.8980 mm
    @(72.4500 mm, 44.0000 mm): Pad 2 [GND] of C1 on F.Cu
[unconnected_items]: Missing connection between items
    Local override; error
    @(8.0000 mm, 51.6200 mm): PTH pad 4 [UART_RX] of J1
    @(48.7500 mm, 30.5000 mm): Pad 11 [UART_RX] of U1 on F.Cu
[unconnected_items]: Missing connection between items
    Local override; error
    @(36.7500 mm, 45.0000 mm): Pad 3 [PIR_IN] of U5 on F.Cu
    @(65.0000 mm, 52.0000 mm): PTH pad 1 [PIR_IN] of J5

** Found 0 Footprint errors **

** Ignored checks **
    - Footprint has no courtyard defined
    - Track endpoint not centered on via
    - Tuning profile track geometries
    - Footprint doesn't match symbol's footprint filters
    - Footprint component type doesn't match footprint pads

** End of Report **
