** Drc report for beacon-A.kicad_pcb **
** Created on 2026-10-06T19:54:09 **
** Report includes: Errors, Warnings **

** Found 67 DRC violations **
[items_not_allowed]: Items not allowed (keepout area of U1)
    Rule: keepout area of U1; error
    @(39.0000 mm, 8.4000 mm): Pad 4 [GND] of U2 on F.Cu
[items_not_allowed]: Items not allowed (keepout area of U1)
    Rule: keepout area of U1; error
    @(39.0000 mm, 9.2000 mm): Pad 5 [GND] of U2 on F.Cu
[items_not_allowed]: Items not allowed (keepout area of U1)
    Rule: keepout area of U1; error
    @(39.0000 mm, 10.0000 mm): Pad 6 [+3V3] of U2 on F.Cu
[items_not_allowed]: Items not allowed (keepout area of U1)
    Rule: keepout area of U1; error
    @(40.0000 mm, 10.0000 mm): Pad 7 [+3V3] of U2 on F.Cu
[items_not_allowed]: Items not allowed (keepout area of U1)
    Rule: keepout area of U1; error
    @(41.0000 mm, 10.0000 mm): Pad 8 [ACC_INT] of U2 on F.Cu
[items_not_allowed]: Items not allowed (keepout area of U1)
    Rule: keepout area of U1; error
    @(41.0000 mm, 9.2000 mm): Pad 9 [<no net>] of U2 on F.Cu
[items_not_allowed]: Items not allowed (keepout area of U1)
    Rule: keepout area of U1; error
    @(41.0000 mm, 8.4000 mm): Pad 10 [<no net>] of U2 on F.Cu
[items_not_allowed]: Items not allowed (keepout area of U1)
    Rule: keepout area of U1; error
    @(40.0000 mm, 8.0000 mm): Footprint U2
[shorting_items]: Items shorting two nets (nets GND and RELAY_TRIG)
    Local override; error
    @(30.7875 mm, 26.0000 mm): Pad 2 [GND] of D2 on F.Cu
    @(31.2500 mm, 26.0000 mm): Pad 5 [RELAY_TRIG] of U1 on F.Cu
[courtyards_overlap]: Courtyards overlap
    Rule: board setup constraints courtyard; error
    @(40.0000 mm, 8.0000 mm): Footprint U2
    @(40.0000 mm, 26.0000 mm): Footprint U1
[courtyards_overlap]: Courtyards overlap
    Rule: board setup constraints courtyard; error
    @(30.0000 mm, 26.0000 mm): Footprint D2
    @(40.0000 mm, 26.0000 mm): Footprint U1
[courtyards_overlap]: Courtyards overlap
    Rule: board setup constraints courtyard; error
    @(40.0000 mm, 26.0000 mm): Footprint U1
    @(24.0000 mm, 8.0000 mm): Footprint TH1
[drill_out_of_range]: Hole size out of range (board setup constraints min hole 0.3000 mm; actual 0.2000 mm)
    Rule: board setup constraints; error
    @(39.8600 mm, 25.6500 mm): PTH pad 19 [GND] of U1
[drill_out_of_range]: Hole size out of range (board setup constraints min hole 0.3000 mm; actual 0.2000 mm)
    Rule: board setup constraints; error
    @(39.8600 mm, 26.7500 mm): PTH pad 19 [GND] of U1
[drill_out_of_range]: Hole size out of range (board setup constraints min hole 0.3000 mm; actual 0.2000 mm)
    Rule: board setup constraints; error
    @(40.4100 mm, 25.1000 mm): PTH pad 19 [GND] of U1
[drill_out_of_range]: Hole size out of range (board setup constraints min hole 0.3000 mm; actual 0.2000 mm)
    Rule: board setup constraints; error
    @(40.4100 mm, 26.2000 mm): PTH pad 19 [GND] of U1
[drill_out_of_range]: Hole size out of range (board setup constraints min hole 0.3000 mm; actual 0.2000 mm)
    Rule: board setup constraints; error
    @(40.4100 mm, 27.3000 mm): PTH pad 19 [GND] of U1
[drill_out_of_range]: Hole size out of range (board setup constraints min hole 0.3000 mm; actual 0.2000 mm)
    Rule: board setup constraints; error
    @(40.9600 mm, 25.6500 mm): PTH pad 19 [GND] of U1
[drill_out_of_range]: Hole size out of range (board setup constraints min hole 0.3000 mm; actual 0.2000 mm)
    Rule: board setup constraints; error
    @(40.9600 mm, 26.7500 mm): PTH pad 19 [GND] of U1
[drill_out_of_range]: Hole size out of range (board setup constraints min hole 0.3000 mm; actual 0.2000 mm)
    Rule: board setup constraints; error
    @(41.5100 mm, 25.1000 mm): PTH pad 19 [GND] of U1
[drill_out_of_range]: Hole size out of range (board setup constraints min hole 0.3000 mm; actual 0.2000 mm)
    Rule: board setup constraints; error
    @(41.5100 mm, 26.2000 mm): PTH pad 19 [GND] of U1
[drill_out_of_range]: Hole size out of range (board setup constraints min hole 0.3000 mm; actual 0.2000 mm)
    Rule: board setup constraints; error
    @(41.5100 mm, 27.3000 mm): PTH pad 19 [GND] of U1
[drill_out_of_range]: Hole size out of range (board setup constraints min hole 0.3000 mm; actual 0.2000 mm)
    Rule: board setup constraints; error
    @(42.0600 mm, 25.6500 mm): PTH pad 19 [GND] of U1
[drill_out_of_range]: Hole size out of range (board setup constraints min hole 0.3000 mm; actual 0.2000 mm)
    Rule: board setup constraints; error
    @(42.0600 mm, 26.7500 mm): PTH pad 19 [GND] of U1
[track_width]: Track width (board setup constraints min width 0.2000 mm; actual 0.1500 mm)
    Rule: netclass 'Default'; error
    @(62.8558 mm, 25.9658 mm): Track [GND] on F.Cu, length 0.9464 mm
[track_width]: Track width (board setup constraints min width 0.2000 mm; actual 0.1500 mm)
    Rule: netclass 'Default'; error
    @(59.1702 mm, 25.9658 mm): Track [GND] on F.Cu, length 3.6856 mm
[track_width]: Track width (board setup constraints min width 0.2000 mm; actual 0.1500 mm)
    Rule: netclass 'Default'; error
    @(58.9381 mm, 25.7337 mm): Track [GND] on F.Cu, length 0.3282 mm
[track_width]: Track width (board setup constraints min width 0.2000 mm; actual 0.1500 mm)
    Rule: netclass 'Default'; error
    @(46.9747 mm, 22.2514 mm): Track [SDA] on F.Cu, length 1.0587 mm
[track_width]: Track width (board setup constraints min width 0.2000 mm; actual 0.1500 mm)
    Rule: netclass 'Default'; error
    @(48.7500 mm, 23.0000 mm): Track [SDA] on F.Cu, length 1.0267 mm
[track_width]: Track width (board setup constraints min width 0.2000 mm; actual 0.1500 mm)
    Rule: netclass 'Default'; error
    @(49.7767 mm, 23.0000 mm): Track [SDA] on F.Cu, length 1.0604 mm
[track_width]: Track width (board setup constraints min width 0.2000 mm; actual 0.1500 mm)
    Rule: netclass 'Default'; error
    @(45.9559 mm, 22.2514 mm): Track [SDA] on F.Cu, length 1.0188 mm
[track_width]: Track width (board setup constraints min width 0.2000 mm; actual 0.1500 mm)
    Rule: netclass 'Default'; error
    @(48.7500 mm, 23.0000 mm): Track [SDA] on F.Cu, length 1.0267 mm
[track_width]: Track width (board setup constraints min width 0.2000 mm; actual 0.1500 mm)
    Rule: netclass 'Default'; error
    @(50.5265 mm, 23.7498 mm): Track [SDA] on F.Cu, length 5.1964 mm
[track_width]: Track width (board setup constraints min width 0.2000 mm; actual 0.1500 mm)
    Rule: netclass 'Default'; error
    @(48.7500 mm, 24.5000 mm): Track [SCL] on F.Cu, length 1.0267 mm
[track_width]: Track width (board setup constraints min width 0.2000 mm; actual 0.1500 mm)
    Rule: netclass 'Default'; error
    @(47.4890 mm, 24.7343 mm): Track [SCL] on F.Cu, length 0.6372 mm
[track_width]: Track width (board setup constraints min width 0.2000 mm; actual 0.1500 mm)
    Rule: netclass 'Default'; error
    @(47.7233 mm, 24.5000 mm): Track [SCL] on F.Cu, length 0.3314 mm
[track_width]: Track width (board setup constraints min width 0.2000 mm; actual 0.1500 mm)
    Rule: netclass 'Default'; error
    @(54.3002 mm, 25.4455 mm): Track [SCL] on B.Cu, length 16.2519 mm
[track_width]: Track width (board setup constraints min width 0.2000 mm; actual 0.1500 mm)
    Rule: netclass 'Default'; error
    @(54.3002 mm, 9.1936 mm): Track [SCL] on B.Cu, length 0.8024 mm
[track_width]: Track width (board setup constraints min width 0.2000 mm; actual 0.1500 mm)
    Rule: netclass 'Default'; error
    @(48.7500 mm, 29.0000 mm): Track [UART_TX] on F.Cu, length 1.0267 mm
[track_width]: Track width (board setup constraints min width 0.2000 mm; actual 0.1500 mm)
    Rule: netclass 'Default'; error
    @(47.4890 mm, 29.2343 mm): Track [UART_TX] on F.Cu, length 0.3314 mm
[track_width]: Track width (board setup constraints min width 0.2000 mm; actual 0.1500 mm)
    Rule: netclass 'Default'; error
    @(47.4890 mm, 30.7343 mm): Track [UART_RX] on F.Cu, length 0.3314 mm
[track_width]: Track width (board setup constraints min width 0.2000 mm; actual 0.1500 mm)
    Rule: netclass 'Default'; error
    @(48.7500 mm, 30.5000 mm): Track [UART_RX] on F.Cu, length 1.0267 mm
[track_width]: Track width (board setup constraints min width 0.2000 mm; actual 0.1500 mm)
    Rule: netclass 'Default'; error
    @(30.2233 mm, 30.5000 mm): Track [IO9_BOOT] on F.Cu, length 0.2359 mm
[track_width]: Track width (board setup constraints min width 0.2000 mm; actual 0.1500 mm)
    Rule: netclass 'Default'; error
    @(31.2500 mm, 30.5000 mm): Track [IO9_BOOT] on F.Cu, length 1.0267 mm
[track_width]: Track width (board setup constraints min width 0.2000 mm; actual 0.1500 mm)
    Rule: netclass 'Default'; error
    @(63.5250 mm, 27.9050 mm): Track [VIN_5V] on F.Cu, length 0.9464 mm
[track_width]: Track width (board setup constraints min width 0.2000 mm; actual 0.1500 mm)
    Rule: netclass 'Default'; error
    @(67.1713 mm, 24.7642 mm): Track [VIN_5V] on F.Cu, length 0.6345 mm
[track_width]: Track width (board setup constraints min width 0.2000 mm; actual 0.1500 mm)
    Rule: netclass 'Default'; error
    @(64.1942 mm, 27.2358 mm): Track [VIN_5V] on F.Cu, length 1.2171 mm
[track_width]: Track width (board setup constraints min width 0.2000 mm; actual 0.1500 mm)
    Rule: netclass 'Default'; error
    @(67.8058 mm, 24.7642 mm): Track [VIN_5V] on F.Cu, length 0.9464 mm
[track_width]: Track width (board setup constraints min width 0.2000 mm; actual 0.1500 mm)
    Rule: netclass 'Default'; error
    @(56.5133 mm, 26.6008 mm): Track [VBAT] on F.Cu, length 0.4938 mm
[track_width]: Track width (board setup constraints min width 0.2000 mm; actual 0.1500 mm)
    Rule: netclass 'Default'; error
    @(55.8622 mm, 26.6008 mm): Track [VBAT] on F.Cu, length 0.6511 mm
[track_width]: Track width (board setup constraints min width 0.2000 mm; actual 0.1500 mm)
    Rule: netclass 'Default'; error
    @(69.1442 mm, 26.0342 mm): Track [NCHRG] on F.Cu, length 0.9464 mm
[track_width]: Track width (board setup constraints min width 0.2000 mm; actual 0.1500 mm)
    Rule: netclass 'Default'; error
    @(70.4089 mm, 26.0342 mm): Track [NCHRG] on F.Cu, length 1.2647 mm
[track_width]: Track width (board setup constraints min width 0.2000 mm; actual 0.1500 mm)
    Rule: netclass 'Default'; error
    @(34.0447 mm, 22.2498 mm): Track [EN] on F.Cu, length 1.0182 mm
[track_width]: Track width (board setup constraints min width 0.2000 mm; actual 0.1500 mm)
    Rule: netclass 'Default'; error
    @(31.2500 mm, 21.5000 mm): Track [EN] on F.Cu, length 1.0267 mm
[track_width]: Track width (board setup constraints min width 0.2000 mm; actual 0.1500 mm)
    Rule: netclass 'Default'; error
    @(33.0265 mm, 22.2498 mm): Track [EN] on F.Cu, length 1.0604 mm
[track_width]: Track width (board setup constraints min width 0.2000 mm; actual 0.1500 mm)
    Rule: netclass 'Default'; error
    @(29.9890 mm, 22.7657 mm): Track [NTC_ADC] on F.Cu, length 4.3721 mm
[track_width]: Track width (board setup constraints min width 0.2000 mm; actual 0.1500 mm)
    Rule: netclass 'Default'; error
    @(31.2500 mm, 23.0000 mm): Track [NTC_ADC] on F.Cu, length 1.0267 mm
[track_width]: Track width (board setup constraints min width 0.2000 mm; actual 0.1500 mm)
    Rule: netclass 'Default'; error
    @(30.2233 mm, 23.0000 mm): Track [NTC_ADC] on F.Cu, length 0.3314 mm
[track_width]: Track width (board setup constraints min width 0.2000 mm; actual 0.1500 mm)
    Rule: netclass 'Default'; error
    @(25.6169 mm, 10.8134 mm): Track [NTC_ADC] on B.Cu, length 0.2831 mm
[track_width]: Track width (board setup constraints min width 0.2000 mm; actual 0.1500 mm)
    Rule: netclass 'Default'; error
    @(25.6169 mm, 10.5303 mm): Track [NTC_ADC] on B.Cu, length 0.1659 mm
[solder_mask_bridge]: Front solder mask aperture bridges items with different nets
    Rule: board setup solder mask min width; error
    @(31.2500 mm, 26.0000 mm): Pad 5 [RELAY_TRIG] of U1 on F.Cu
    @(30.7875 mm, 26.0000 mm): Pad 2 [GND] of D2 on F.Cu
[via_dangling]: Via is not connected or connected on only one layer
    Local override; warning
    @(47.4890 mm, 29.2343 mm): Via [UART_TX] on F.Cu - B.Cu
[via_dangling]: Via is not connected or connected on only one layer
    Local override; warning
    @(47.4890 mm, 30.7343 mm): Via [UART_RX] on F.Cu - B.Cu
[via_dangling]: Via is not connected or connected on only one layer
    Local override; warning
    @(66.9691 mm, 26.6350 mm): Via [NSTDBY] on F.Cu - B.Cu
[via_dangling]: Via is not connected or connected on only one layer
    Local override; warning
    @(60.2733 mm, 43.7478 mm): Via [LED_A] on F.Cu - B.Cu
[via_dangling]: Via is not connected or connected on only one layer
    Local override; warning
    @(11.2125 mm, 26.9777 mm): Via [N$1] on F.Cu - B.Cu
[silk_over_copper]: Silkscreen clipped by solder mask
    Local override; warning
    @(30.0000 mm, 24.5700 mm): Reference field of D2
    @(31.2500 mm, 24.5000 mm): Pad 4 [ACC_INT] of U1 on F.Cu

** Found 27 unconnected pads **
[unconnected_items]: Missing connection between items
    Local override; error
    @(8.0000 mm, 46.5400 mm): PTH pad 2 [GND] of J1
    @(22.0000 mm, 56.0000 mm): Track [GND] on F.Cu, length 15.4600 mm
[unconnected_items]: Missing connection between items
    Local override; error
    @(24.0000 mm, 10.5400 mm): PTH pad 2 [GND] of TH1
    @(39.0000 mm, 9.2000 mm): Pad 5 [GND] of U2 on F.Cu
[unconnected_items]: Missing connection between items
    Local override; error
    @(26.9500 mm, 48.0000 mm): Pad 2 [GND] of C2 on F.Cu
    @(33.3250 mm, 48.0000 mm): Pad 2 [GND] of C3 on F.Cu
[unconnected_items]: Missing connection between items
    Local override; error
    @(30.7875 mm, 26.0000 mm): Pad 2 [GND] of D2 on F.Cu
    @(31.2500 mm, 32.0000 mm): Pad 9 [GND] of U1 on F.Cu
[unconnected_items]: Missing connection between items
    Local override; error
    @(30.7875 mm, 26.0000 mm): Pad 2 [GND] of D2 on F.Cu
    @(39.8600 mm, 25.6500 mm): PTH pad 19 [GND] of U1
[unconnected_items]: Missing connection between items
    Local override; error
    @(30.7875 mm, 26.0000 mm): Pad 2 [GND] of D2 on F.Cu
    @(12.7875 mm, 26.0000 mm): Pad 2 [GND] of D1 on F.Cu
[unconnected_items]: Missing connection between items
    Local override; error
    @(33.3250 mm, 48.0000 mm): Pad 2 [GND] of C3 on F.Cu
    @(37.4600 mm, 56.0000 mm): Track [GND] on F.Cu, length 3.5921 mm
[unconnected_items]: Missing connection between items
    Local override; error
    @(33.3250 mm, 48.0000 mm): Pad 2 [GND] of C3 on F.Cu
    @(31.2500 mm, 32.0000 mm): Pad 9 [GND] of U1 on F.Cu
[unconnected_items]: Missing connection between items
    Local override; error
    @(39.0000 mm, 6.8000 mm): Pad 2 [GND] of U2 on F.Cu
    @(39.0000 mm, 8.4000 mm): Pad 4 [GND] of U2 on F.Cu
[unconnected_items]: Missing connection between items
    Local override; error
    @(39.0000 mm, 9.2000 mm): Pad 5 [GND] of U2 on F.Cu
    @(39.0000 mm, 8.4000 mm): Pad 4 [GND] of U2 on F.Cu
[unconnected_items]: Missing connection between items
    Local override; error
    @(40.4100 mm, 25.1000 mm): PTH pad 19 [GND] of U1
    @(39.0000 mm, 9.2000 mm): Pad 5 [GND] of U2 on F.Cu
[unconnected_items]: Missing connection between items
    Local override; error
    @(41.0000 mm, 6.8000 mm): Pad 12 [GND] of U2 on F.Cu
    @(39.0000 mm, 6.8000 mm): Pad 2 [GND] of U2 on F.Cu
[unconnected_items]: Missing connection between items
    Local override; error
    @(42.0600 mm, 25.6500 mm): PTH pad 19 [GND] of U1
    @(56.8625 mm, 26.0000 mm): Track [GND] on F.Cu, length 1.8093 mm
[unconnected_items]: Missing connection between items
    Local override; error
    @(51.1750 mm, 44.0000 mm): Pad 1 [GND] of R5 on F.Cu
    @(37.4600 mm, 56.0000 mm): Track [GND] on F.Cu, length 3.5921 mm
[unconnected_items]: Missing connection between items
    Local override; error
    @(59.1702 mm, 25.9658 mm): Track [GND] on F.Cu, length 3.6856 mm
    @(63.5250 mm, 24.0950 mm): Pad 1 [GND] of U4 on F.Cu
[unconnected_items]: Missing connection between items
    Local override; error
    @(62.8558 mm, 25.9658 mm): Track [GND] on F.Cu, length 0.9464 mm
    @(72.4500 mm, 44.0000 mm): Pad 2 [GND] of C1 on F.Cu
[unconnected_items]: Missing connection between items
    Local override; error
    @(25.1750 mm, 44.0000 mm): Pad 1 [+3V3] of R1 on F.Cu
    @(31.6750 mm, 44.0000 mm): Pad 1 [+3V3] of R2 on F.Cu
[unconnected_items]: Missing connection between items
    Local override; error
    @(26.9016 mm, 52.7734 mm): Track [+3V3] on F.Cu, length 6.7506 mm
    @(31.6750 mm, 44.0000 mm): Pad 1 [+3V3] of R2 on F.Cu
[unconnected_items]: Missing connection between items
    Local override; error
    @(38.1750 mm, 44.0000 mm): Pad 1 [+3V3] of R3 on F.Cu
    @(31.6750 mm, 44.0000 mm): Pad 1 [+3V3] of R2 on F.Cu
[unconnected_items]: Missing connection between items
    Local override; error
    @(39.0000 mm, 10.0000 mm): Pad 6 [+3V3] of U2 on F.Cu
    @(40.0000 mm, 10.0000 mm): Pad 7 [+3V3] of U2 on F.Cu
[unconnected_items]: Missing connection between items
    Local override; error
    @(39.0000 mm, 10.0000 mm): Pad 6 [+3V3] of U2 on F.Cu
    @(39.0000 mm, 6.0000 mm): Pad 1 [+3V3] of U2 on F.Cu
[unconnected_items]: Missing connection between items
    Local override; error
    @(39.0000 mm, 10.0000 mm): Pad 6 [+3V3] of U2 on F.Cu
    @(33.0535 mm, 19.2482 mm): Track [+3V3] on F.Cu, length 20.2822 mm
[unconnected_items]: Missing connection between items
    Local override; error
    @(39.8250 mm, 48.0000 mm): Pad 2 [+3V3] of R8 on F.Cu
    @(38.1750 mm, 44.0000 mm): Pad 1 [+3V3] of R3 on F.Cu
[unconnected_items]: Missing connection between items
    Local override; error
    @(39.8250 mm, 48.0000 mm): Pad 2 [+3V3] of R8 on F.Cu
    @(44.6750 mm, 44.0000 mm): Pad 1 [+3V3] of R4 on F.Cu
[unconnected_items]: Missing connection between items
    Local override; error
    @(44.6750 mm, 44.0000 mm): Pad 1 [+3V3] of R4 on F.Cu
    @(53.3357 mm, 19.2482 mm): Track [+3V3] on F.Cu, length 8.2050 mm
[unconnected_items]: Missing connection between items
    Local override; error
    @(31.2500 mm, 24.5000 mm): Pad 4 [ACC_INT] of U1 on F.Cu
    @(41.0000 mm, 10.0000 mm): Pad 8 [ACC_INT] of U2 on F.Cu
[unconnected_items]: Missing connection between items
    Local override; error
    @(31.2500 mm, 26.0000 mm): Pad 5 [RELAY_TRIG] of U1 on F.Cu
    @(40.0000 mm, 56.0000 mm): PTH pad 1 [RELAY_TRIG] of J3

** Found 0 Footprint errors **

** Ignored checks **
    - Footprint has no courtyard defined
    - Track endpoint not centered on via
    - Tuning profile track geometries
    - Footprint doesn't match symbol's footprint filters
    - Footprint component type doesn't match footprint pads

** End of Report **
