=== nightly 2026-10-04T13:57:12Z
stored arxiv/cs.AI .xml 3127 B
stored arxiv/cs.AI .xml 3352 B
same   epoch/notable_ai_models .csv 2261902 B
same   fedreg/ai_documents .json 1113 B
same   fedreg/ai_documents .json 1113 B
same   noaa_gml/co2_mm_mlo .csv 38732 B
same   owid/ai-frontiermath-over-time .csv 4530 B
same   owid/ai-frontiermath-over-time .metadata.json 3287 B
same   owid/cumulative-number-of-large-scale-ai-systems-by-country .csv 3375 B
same   owid/cumulative-number-of-large-scale-ai-systems-by-country .metadata.json 2111 B
same   owid/deaths-in-armed-conflicts-by-region .csv 171670 B
same   owid/deaths-in-armed-conflicts-by-region .metadata.json 4219 B
same   owid/electoral-democracy-index .csv 1115453 B
same   owid/electoral-democracy-index .metadata.json 5538 B
same   owid/estimated-share-people-generative-ai .csv 20251 B
same   owid/estimated-share-people-generative-ai .metadata.json 6542 B
same   owid/life-expectancy .csv 605252 B
same   owid/life-expectancy .metadata.json 4370 B
same   owid/private-investment-in-artificial-intelligence .csv 1669 B
same   owid/private-investment-in-artificial-intelligence .metadata.json 3843 B
same   owid/share-companies-using-artificial-intelligence .csv 806 B
same   owid/share-companies-using-artificial-intelligence .metadata.json 2804 B
same   owid/share-of-population-in-extreme-poverty .csv 2167676 B
same   owid/share-of-population-in-extreme-poverty .metadata.json 9701 B
same   pubmed/ai_biomed .json 78 B
same   pubmed/ai_biomed .json 78 B
same   wikimedia/Artificial_general_intelligence .json 23102 B
same   wikimedia/Deepfake .json 15419 B
same   wikimedia/Existential_risk_from_artificial_intelligence .json 4628 B
same   wikimedia/Regulation_of_artificial_intelligence .json 13914 B
same   wikimedia/Synthetic_media .json 12483 B
same   wikimedia/_aggregate .json 17831 B
same   worldbank/NY.GDP.PCAP.KD .json 14737 B
same   worldbank/SL.UEM.TOTL.ZS .json 16545 B
same   arxiv/cs.AI .xml 3127 B
same   arxiv/cs.AI .xml 3352 B
same   epoch/notable_ai_models .csv 2261902 B
same   fedreg/ai_documents .json 1113 B
same   fedreg/ai_documents .json 1113 B
same   noaa_gml/co2_mm_mlo .csv 38732 B
same   owid/ai-frontiermath-over-time .csv 4530 B
same   owid/ai-frontiermath-over-time .metadata.json 3287 B
same   owid/cumulative-number-of-large-scale-ai-systems-by-country .csv 3375 B
same   owid/cumulative-number-of-large-scale-ai-systems-by-country .metadata.json 2111 B
same   owid/deaths-in-armed-conflicts-by-region .csv 171670 B
same   owid/deaths-in-armed-conflicts-by-region .metadata.json 4219 B
same   owid/electoral-democracy-index .csv 1115453 B
same   owid/electoral-democracy-index .metadata.json 5538 B
same   owid/estimated-share-people-generative-ai .csv 20251 B
same   owid/estimated-share-people-generative-ai .metadata.json 6542 B
same   owid/life-expectancy .csv 605252 B
same   owid/life-expectancy .metadata.json 4370 B
same   owid/private-investment-in-artificial-intelligence .csv 1669 B
same   owid/private-investment-in-artificial-intelligence .metadata.json 3843 B
same   owid/share-companies-using-artificial-intelligence .csv 806 B
same   owid/share-companies-using-artificial-intelligence .metadata.json 2804 B
same   owid/share-of-population-in-extreme-poverty .csv 2167676 B
same   owid/share-of-population-in-extreme-poverty .metadata.json 9701 B
same   pubmed/ai_biomed .json 78 B
same   pubmed/ai_biomed .json 78 B
same   wikimedia/Artificial_general_intelligence .json 23102 B
same   wikimedia/Deepfake .json 15419 B
same   wikimedia/Existential_risk_from_artificial_intelligence .json 4628 B
same   wikimedia/Regulation_of_artificial_intelligence .json 13914 B
same   wikimedia/Synthetic_media .json 12483 B
same   wikimedia/_aggregate .json 17831 B
same   worldbank/NY.GDP.PCAP.KD .json 14737 B
same   worldbank/SL.UEM.TOTL.ZS .json 16545 B
series OK 24 files as of 2026-10-04
run 20261004T135801Z: published · utopia 14.7 divergence 10.9 drift 16.7 control 13.5 terminus 18.7 stagnation 10.7 transcendence 14.8
published: 2026-10-04T13:58:01Z
